------------------------------------------------------------
TimeQuest Timing Analyzer Summary
------------------------------------------------------------

Type  : Slow 1200mV 85C Model Setup 'CLOCK_50'
Slack : 12.717
TNS   : 0.000

Type  : Slow 1200mV 85C Model Setup 'CLOCK2_50'
Slack : 17.120
TNS   : 0.000

Type  : Slow 1200mV 85C Model Setup 'altera_reserved_tck'
Slack : 43.440
TNS   : 0.000

Type  : Slow 1200mV 85C Model Setup 'u1|altpll_component|auto_generated|pll1|clk[1]'
Slack : 50.260
TNS   : 0.000

Type  : Slow 1200mV 85C Model Hold 'u1|altpll_component|auto_generated|pll1|clk[1]'
Slack : 0.402
TNS   : 0.000

Type  : Slow 1200mV 85C Model Hold 'CLOCK_50'
Slack : 0.403
TNS   : 0.000

Type  : Slow 1200mV 85C Model Hold 'altera_reserved_tck'
Slack : 0.403
TNS   : 0.000

Type  : Slow 1200mV 85C Model Hold 'CLOCK2_50'
Slack : 0.407
TNS   : 0.000

Type  : Slow 1200mV 85C Model Recovery 'altera_reserved_tck'
Slack : 94.507
TNS   : 0.000

Type  : Slow 1200mV 85C Model Removal 'altera_reserved_tck'
Slack : 1.055
TNS   : 0.000

Type  : Slow 1200mV 85C Model Minimum Pulse Width 'CLOCK2_50'
Slack : 9.638
TNS   : 0.000

Type  : Slow 1200mV 85C Model Minimum Pulse Width 'CLOCK_50'
Slack : 9.645
TNS   : 0.000

Type  : Slow 1200mV 85C Model Minimum Pulse Width 'CLOCK3_50'
Slack : 16.000
TNS   : 0.000

Type  : Slow 1200mV 85C Model Minimum Pulse Width 'TD_CLK27'
Slack : 18.335
TNS   : 0.000

Type  : Slow 1200mV 85C Model Minimum Pulse Width 'u1|altpll_component|auto_generated|pll1|clk[1]'
Slack : 27.477
TNS   : 0.000

Type  : Slow 1200mV 85C Model Minimum Pulse Width 'altera_reserved_tck'
Slack : 49.501
TNS   : 0.000

Type  : Slow 1200mV 0C Model Setup 'CLOCK_50'
Slack : 13.228
TNS   : 0.000

Type  : Slow 1200mV 0C Model Setup 'CLOCK2_50'
Slack : 17.429
TNS   : 0.000

Type  : Slow 1200mV 0C Model Setup 'altera_reserved_tck'
Slack : 44.078
TNS   : 0.000

Type  : Slow 1200mV 0C Model Setup 'u1|altpll_component|auto_generated|pll1|clk[1]'
Slack : 50.607
TNS   : 0.000

Type  : Slow 1200mV 0C Model Hold 'altera_reserved_tck'
Slack : 0.354
TNS   : 0.000

Type  : Slow 1200mV 0C Model Hold 'u1|altpll_component|auto_generated|pll1|clk[1]'
Slack : 0.354
TNS   : 0.000

Type  : Slow 1200mV 0C Model Hold 'CLOCK_50'
Slack : 0.355
TNS   : 0.000

Type  : Slow 1200mV 0C Model Hold 'CLOCK2_50'
Slack : 0.364
TNS   : 0.000

Type  : Slow 1200mV 0C Model Recovery 'altera_reserved_tck'
Slack : 95.025
TNS   : 0.000

Type  : Slow 1200mV 0C Model Removal 'altera_reserved_tck'
Slack : 0.961
TNS   : 0.000

Type  : Slow 1200mV 0C Model Minimum Pulse Width 'CLOCK2_50'
Slack : 9.619
TNS   : 0.000

Type  : Slow 1200mV 0C Model Minimum Pulse Width 'CLOCK_50'
Slack : 9.636
TNS   : 0.000

Type  : Slow 1200mV 0C Model Minimum Pulse Width 'CLOCK3_50'
Slack : 16.000
TNS   : 0.000

Type  : Slow 1200mV 0C Model Minimum Pulse Width 'TD_CLK27'
Slack : 18.321
TNS   : 0.000

Type  : Slow 1200mV 0C Model Minimum Pulse Width 'u1|altpll_component|auto_generated|pll1|clk[1]'
Slack : 27.480
TNS   : 0.000

Type  : Slow 1200mV 0C Model Minimum Pulse Width 'altera_reserved_tck'
Slack : 49.412
TNS   : 0.000

Type  : Fast 1200mV 0C Model Setup 'CLOCK_50'
Slack : 16.085
TNS   : 0.000

Type  : Fast 1200mV 0C Model Setup 'CLOCK2_50'
Slack : 18.518
TNS   : 0.000

Type  : Fast 1200mV 0C Model Setup 'altera_reserved_tck'
Slack : 46.978
TNS   : 0.000

Type  : Fast 1200mV 0C Model Setup 'u1|altpll_component|auto_generated|pll1|clk[1]'
Slack : 52.688
TNS   : 0.000

Type  : Fast 1200mV 0C Model Hold 'altera_reserved_tck'
Slack : 0.181
TNS   : 0.000

Type  : Fast 1200mV 0C Model Hold 'u1|altpll_component|auto_generated|pll1|clk[1]'
Slack : 0.181
TNS   : 0.000

Type  : Fast 1200mV 0C Model Hold 'CLOCK_50'
Slack : 0.182
TNS   : 0.000

Type  : Fast 1200mV 0C Model Hold 'CLOCK2_50'
Slack : 0.188
TNS   : 0.000

Type  : Fast 1200mV 0C Model Recovery 'altera_reserved_tck'
Slack : 97.011
TNS   : 0.000

Type  : Fast 1200mV 0C Model Removal 'altera_reserved_tck'
Slack : 0.500
TNS   : 0.000

Type  : Fast 1200mV 0C Model Minimum Pulse Width 'CLOCK_50'
Slack : 9.266
TNS   : 0.000

Type  : Fast 1200mV 0C Model Minimum Pulse Width 'CLOCK2_50'
Slack : 9.271
TNS   : 0.000

Type  : Fast 1200mV 0C Model Minimum Pulse Width 'CLOCK3_50'
Slack : 16.000
TNS   : 0.000

Type  : Fast 1200mV 0C Model Minimum Pulse Width 'TD_CLK27'
Slack : 17.922
TNS   : 0.000

Type  : Fast 1200mV 0C Model Minimum Pulse Width 'u1|altpll_component|auto_generated|pll1|clk[1]'
Slack : 27.548
TNS   : 0.000

Type  : Fast 1200mV 0C Model Minimum Pulse Width 'altera_reserved_tck'
Slack : 49.285
TNS   : 0.000

------------------------------------------------------------
