------------------------------------------------------------
TimeQuest Timing Analyzer Summary
------------------------------------------------------------

Type  : Slow 1200mV 85C Model Setup 'CLOCK_50'
Slack : 12.788
TNS   : 0.000

Type  : Slow 1200mV 85C Model Setup 'altera_reserved_tck'
Slack : 44.513
TNS   : 0.000

Type  : Slow 1200mV 85C Model Setup 'u1|altpll_component|auto_generated|pll1|clk[1]'
Slack : 49.448
TNS   : 0.000

Type  : Slow 1200mV 85C Model Hold 'altera_reserved_tck'
Slack : 0.402
TNS   : 0.000

Type  : Slow 1200mV 85C Model Hold 'CLOCK_50'
Slack : 0.403
TNS   : 0.000

Type  : Slow 1200mV 85C Model Hold 'u1|altpll_component|auto_generated|pll1|clk[1]'
Slack : 0.403
TNS   : 0.000

Type  : Slow 1200mV 85C Model Recovery 'altera_reserved_tck'
Slack : 94.296
TNS   : 0.000

Type  : Slow 1200mV 85C Model Removal 'altera_reserved_tck'
Slack : 1.001
TNS   : 0.000

Type  : Slow 1200mV 85C Model Minimum Pulse Width 'CLOCK_50'
Slack : 9.645
TNS   : 0.000

Type  : Slow 1200mV 85C Model Minimum Pulse Width 'TD_CLK27'
Slack : 18.335
TNS   : 0.000

Type  : Slow 1200mV 85C Model Minimum Pulse Width 'u1|altpll_component|auto_generated|pll1|clk[1]'
Slack : 27.477
TNS   : 0.000

Type  : Slow 1200mV 85C Model Minimum Pulse Width 'altera_reserved_tck'
Slack : 49.490
TNS   : 0.000

Type  : Slow 1200mV 0C Model Setup 'CLOCK_50'
Slack : 13.367
TNS   : 0.000

Type  : Slow 1200mV 0C Model Setup 'altera_reserved_tck'
Slack : 45.066
TNS   : 0.000

Type  : Slow 1200mV 0C Model Setup 'u1|altpll_component|auto_generated|pll1|clk[1]'
Slack : 49.849
TNS   : 0.000

Type  : Slow 1200mV 0C Model Hold 'u1|altpll_component|auto_generated|pll1|clk[1]'
Slack : 0.352
TNS   : 0.000

Type  : Slow 1200mV 0C Model Hold 'CLOCK_50'
Slack : 0.354
TNS   : 0.000

Type  : Slow 1200mV 0C Model Hold 'altera_reserved_tck'
Slack : 0.354
TNS   : 0.000

Type  : Slow 1200mV 0C Model Recovery 'altera_reserved_tck'
Slack : 94.889
TNS   : 0.000

Type  : Slow 1200mV 0C Model Removal 'altera_reserved_tck'
Slack : 0.905
TNS   : 0.000

Type  : Slow 1200mV 0C Model Minimum Pulse Width 'CLOCK_50'
Slack : 9.630
TNS   : 0.000

Type  : Slow 1200mV 0C Model Minimum Pulse Width 'TD_CLK27'
Slack : 18.321
TNS   : 0.000

Type  : Slow 1200mV 0C Model Minimum Pulse Width 'u1|altpll_component|auto_generated|pll1|clk[1]'
Slack : 27.480
TNS   : 0.000

Type  : Slow 1200mV 0C Model Minimum Pulse Width 'altera_reserved_tck'
Slack : 49.401
TNS   : 0.000

Type  : Fast 1200mV 0C Model Setup 'CLOCK_50'
Slack : 16.151
TNS   : 0.000

Type  : Fast 1200mV 0C Model Setup 'altera_reserved_tck'
Slack : 47.522
TNS   : 0.000

Type  : Fast 1200mV 0C Model Setup 'u1|altpll_component|auto_generated|pll1|clk[1]'
Slack : 52.237
TNS   : 0.000

Type  : Fast 1200mV 0C Model Hold 'CLOCK_50'
Slack : 0.171
TNS   : 0.000

Type  : Fast 1200mV 0C Model Hold 'altera_reserved_tck'
Slack : 0.181
TNS   : 0.000

Type  : Fast 1200mV 0C Model Hold 'u1|altpll_component|auto_generated|pll1|clk[1]'
Slack : 0.181
TNS   : 0.000

Type  : Fast 1200mV 0C Model Recovery 'altera_reserved_tck'
Slack : 96.899
TNS   : 0.000

Type  : Fast 1200mV 0C Model Removal 'altera_reserved_tck'
Slack : 0.488
TNS   : 0.000

Type  : Fast 1200mV 0C Model Minimum Pulse Width 'CLOCK_50'
Slack : 9.265
TNS   : 0.000

Type  : Fast 1200mV 0C Model Minimum Pulse Width 'TD_CLK27'
Slack : 17.922
TNS   : 0.000

Type  : Fast 1200mV 0C Model Minimum Pulse Width 'u1|altpll_component|auto_generated|pll1|clk[1]'
Slack : 27.550
TNS   : 0.000

Type  : Fast 1200mV 0C Model Minimum Pulse Width 'altera_reserved_tck'
Slack : 49.284
TNS   : 0.000

------------------------------------------------------------
